// Jest Snapshot v1, https://goo.gl/fbAQLP

exports[`test en el componete de gidGridItem should de mostrtar el componente correctamente 1`] = `
<div
  className="card animate__animated animate__fadeIn "
>
  <img
    alt="un titulo"
    src="https://unaimagen.jps"
  />
  <p>
    un titulo
     
  </p>
</div>
`;
